12/27/2023 16:12:01 [INFO]: getting latest block number
12/27/2023 16:12:01 [ERROR]: Cannot read properties of undefined (reading 'length')
12/27/2023 16:12:14 [INFO]: getting latest block number
12/27/2023 16:12:15 [INFO]: [ETHERSCAN] 0x54793c8f80F642Ed4e200177bf845c61915EBc55 Fetching transaction Data
12/27/2023 16:13:03 [INFO]: getting latest block number
12/27/2023 16:13:04 [INFO]: [ETHERSCAN] 0x54793c8f80F642Ed4e200177bf845c61915EBc55 Fetching transaction Data
12/27/2023 16:13:06 [INFO]: getting latest block number
12/27/2023 16:13:07 [INFO]: [ETHERSCAN] 0xE6ff1989f68b6Fd95b3B9f966d32c9E7d96e6255 Fetching transaction Data
12/27/2023 16:13:08 [INFO]: getting latest block number
12/27/2023 16:13:08 [INFO]: [ETHERSCAN] 0x80eC8c4e035A9A200155a3F8d3E5fD29b2d8Ca42 Fetching transaction Data
12/27/2023 16:15:54 [INFO]: getting latest block number
12/27/2023 16:15:54 [INFO]: [ETHERSCAN] Mike Fetching transaction Data
12/27/2023 16:15:57 [INFO]: getting latest block number
12/27/2023 16:15:58 [INFO]: [ETHERSCAN] Mike Fetching transaction Data
12/27/2023 16:16:01 [INFO]: getting latest block number
12/27/2023 16:16:01 [INFO]: [ETHERSCAN] Mike Fetching transaction Data
12/27/2023 16:16:04 [INFO]: getting latest block number
12/27/2023 16:16:04 [INFO]: [ETHERSCAN] Mike Fetching transaction Data
12/27/2023 16:16:07 [INFO]: getting latest block number
12/27/2023 16:16:07 [INFO]: [ETHERSCAN] Mike Fetching transaction Data
12/27/2023 16:16:48 [INFO]: getting latest block number
12/27/2023 16:16:48 [INFO]: [ETHERSCAN] Mike Fetching transaction Data
12/27/2023 16:16:51 [INFO]: getting latest block number
12/27/2023 16:16:51 [INFO]: [ETHERSCAN] Mike Fetching transaction Data
12/27/2023 16:16:54 [INFO]: getting latest block number
12/27/2023 16:16:55 [INFO]: [ETHERSCAN] Mike Fetching transaction Data
12/27/2023 16:16:58 [INFO]: getting latest block number
12/27/2023 16:16:58 [INFO]: [ETHERSCAN] Mike Fetching transaction Data
12/27/2023 16:17:01 [INFO]: getting latest block number
12/27/2023 16:17:01 [INFO]: [ETHERSCAN] Mike Fetching transaction Data
12/27/2023 16:19:08 [INFO]: getting latest block number
12/27/2023 16:19:08 [INFO]: [ETHERSCAN] Mike Fetching transaction Data
12/27/2023 16:19:35 [INFO]: getting latest block number
12/27/2023 16:19:35 [INFO]: [ETHERSCAN] Mike Fetching transaction Data
12/27/2023 16:20:04 [INFO]: getting latest block number
12/27/2023 16:20:04 [INFO]: [ETHERSCAN] Mike Fetching transaction Data
12/27/2023 16:21:22 [INFO]: getting latest block number
12/27/2023 16:21:22 [INFO]: [ETHERSCAN] Mike Fetching transaction Data
12/27/2023 16:21:26 [INFO]: getting latest block number
12/27/2023 16:21:26 [INFO]: [ETHERSCAN] Mike Fetching transaction Data
12/27/2023 16:21:29 [INFO]: getting latest block number
12/27/2023 16:21:29 [INFO]: [ETHERSCAN] Mike Fetching transaction Data
12/27/2023 20:07:30 [ERROR]: fetchTxLst is not defined
12/27/2023 20:07:32 [ERROR]: fetchTxLst is not defined
12/27/2023 20:07:34 [ERROR]: fetchTxLst is not defined
12/27/2023 20:07:36 [ERROR]: fetchTxLst is not defined
12/27/2023 20:07:38 [ERROR]: fetchTxLst is not defined
12/27/2023 20:07:40 [ERROR]: fetchTxLst is not defined
12/27/2023 20:07:42 [ERROR]: fetchTxLst is not defined
12/27/2023 20:08:22 [ERROR]: Mike Error fetching txn data: ReferenceError: logger is not defined
12/27/2023 20:08:25 [ERROR]: Mike Error fetching txn data: ReferenceError: logger is not defined
12/27/2023 20:08:28 [ERROR]: Mike Error fetching txn data: ReferenceError: logger is not defined
12/27/2023 20:09:22 [INFO]: getting latest block number
12/27/2023 20:09:22 [ERROR]: Error getting latest block number: ReferenceError: Web3 is not defined
12/27/2023 20:09:22 [ERROR]: Mike Error fetching txn data: Error: invalid block number
12/27/2023 20:09:25 [INFO]: getting latest block number
12/27/2023 20:09:25 [ERROR]: Error getting latest block number: ReferenceError: Web3 is not defined
12/27/2023 20:09:25 [ERROR]: Mike Error fetching txn data: Error: invalid block number
12/27/2023 20:09:28 [INFO]: getting latest block number
12/27/2023 20:09:28 [ERROR]: Error getting latest block number: ReferenceError: Web3 is not defined
12/27/2023 20:09:28 [ERROR]: Mike Error fetching txn data: Error: invalid block number
12/27/2023 20:12:22 [INFO]: getting latest block number
12/27/2023 20:12:22 [ERROR]: Error getting latest block number: ReferenceError: Web3 is not defined
12/27/2023 20:12:22 [ERROR]: Mike Error fetching txn data: Error: invalid block number
12/27/2023 20:12:25 [INFO]: getting latest block number
12/27/2023 20:12:25 [ERROR]: Error getting latest block number: ReferenceError: Web3 is not defined
12/27/2023 20:12:25 [ERROR]: Mike Error fetching txn data: Error: invalid block number
12/27/2023 20:12:28 [INFO]: getting latest block number
12/27/2023 20:12:28 [ERROR]: Error getting latest block number: ReferenceError: Web3 is not defined
12/27/2023 20:12:28 [ERROR]: Mike Error fetching txn data: Error: invalid block number
12/27/2023 20:12:31 [INFO]: getting latest block number
12/27/2023 20:12:31 [ERROR]: Error getting latest block number: ReferenceError: Web3 is not defined
12/27/2023 20:12:31 [ERROR]: Mike Error fetching txn data: Error: invalid block number
12/27/2023 20:12:41 [INFO]: getting latest block number
12/27/2023 20:12:41 [ERROR]: Error getting latest block number: InvalidClientError: Client URL "[object Object]" is invalid.
12/27/2023 20:12:41 [ERROR]: Mike Error fetching txn data: Error: invalid block number
12/27/2023 20:12:44 [INFO]: getting latest block number
12/27/2023 20:12:44 [ERROR]: Error getting latest block number: InvalidClientError: Client URL "[object Object]" is invalid.
12/27/2023 20:12:44 [ERROR]: Mike Error fetching txn data: Error: invalid block number
12/27/2023 20:12:47 [INFO]: getting latest block number
12/27/2023 20:12:47 [ERROR]: Error getting latest block number: InvalidClientError: Client URL "[object Object]" is invalid.
12/27/2023 20:12:47 [ERROR]: Mike Error fetching txn data: Error: invalid block number
12/27/2023 20:16:59 [INFO]: getting latest block number
12/27/2023 20:16:59 [ERROR]: Error getting latest block number: InvalidClientError: Client URL "[object Object]" is invalid.
12/27/2023 20:16:59 [ERROR]: Mike Error fetching txn data: Error: invalid block number
12/27/2023 20:17:20 [INFO]: getting latest block number
12/27/2023 20:17:20 [INFO]: [ETHERSCAN] Mike Fetching transaction Data
12/27/2023 20:17:21 [INFO]: [ETHERSCAN] Fetching txn data --ver 1: 0x3d1efaeeb44f011c628967e50e798d408c3fdcda74e53cc0d73b2098467b1dc0
12/27/2023 20:17:21 [ERROR]: Error getting transaction action: ReferenceError: contractName is not defined
12/27/2023 20:17:21 [ERROR]: This action requires a webhook token, but none is available.
12/27/2023 20:17:23 [INFO]: getting latest block number
12/27/2023 20:17:23 [INFO]: [ETHERSCAN] Mike Fetching transaction Data
12/27/2023 20:17:23 [INFO]: [ETHERSCAN] Fetching txn data --ver 1: 0x3d1efaeeb44f011c628967e50e798d408c3fdcda74e53cc0d73b2098467b1dc0
12/27/2023 20:17:23 [ERROR]: Error getting transaction action: ReferenceError: contractName is not defined
12/27/2023 20:17:23 [ERROR]: This action requires a webhook token, but none is available.
12/27/2023 20:20:23 [INFO]: getting latest block number
12/27/2023 20:20:23 [INFO]: [ETHERSCAN] Mike Fetching transaction Data
12/27/2023 20:20:23 [INFO]: [ETHERSCAN] Fetching txn data --ver 1: 0x3d1efaeeb44f011c628967e50e798d408c3fdcda74e53cc0d73b2098467b1dc0
12/27/2023 20:20:23 [ERROR]: Error getting transaction action: ReferenceError: contractName is not defined
12/27/2023 20:20:23 [ERROR]: This action requires a webhook token, but none is available.
12/27/2023 20:20:25 [INFO]: getting latest block number
12/27/2023 20:20:25 [INFO]: [ETHERSCAN] Mike Fetching transaction Data
12/27/2023 20:20:25 [INFO]: [ETHERSCAN] Fetching txn data --ver 1: 0x3d1efaeeb44f011c628967e50e798d408c3fdcda74e53cc0d73b2098467b1dc0
12/27/2023 20:20:25 [ERROR]: Error getting transaction action: ReferenceError: contractName is not defined
12/27/2023 20:20:25 [ERROR]: This action requires a webhook token, but none is available.
12/27/2023 20:20:27 [INFO]: getting latest block number
12/27/2023 20:20:27 [INFO]: [ETHERSCAN] Mike Fetching transaction Data
12/27/2023 20:20:27 [INFO]: [ETHERSCAN] Fetching txn data --ver 1: 0x3d1efaeeb44f011c628967e50e798d408c3fdcda74e53cc0d73b2098467b1dc0
12/27/2023 20:20:27 [ERROR]: Error getting transaction action: ReferenceError: contractName is not defined
12/27/2023 20:20:27 [ERROR]: This action requires a webhook token, but none is available.
12/27/2023 20:20:29 [INFO]: getting latest block number
12/27/2023 20:20:30 [INFO]: [ETHERSCAN] Mike Fetching transaction Data
12/27/2023 20:20:30 [INFO]: [ETHERSCAN] Fetching txn data --ver 1: 0x3d1efaeeb44f011c628967e50e798d408c3fdcda74e53cc0d73b2098467b1dc0
12/27/2023 20:20:30 [ERROR]: Error getting transaction action: ReferenceError: contractName is not defined
12/27/2023 20:20:30 [ERROR]: This action requires a webhook token, but none is available.
12/27/2023 20:21:39 [INFO]: getting latest block number
12/27/2023 20:21:39 [INFO]: [ETHERSCAN] Mike Fetching transaction Data
12/27/2023 20:22:49 [INFO]: getting latest block number
12/27/2023 20:22:49 [INFO]: [ETHERSCAN] Mike Fetching transaction Data
12/27/2023 20:22:49 [INFO]: [ETHERSCAN] Fetching txn data --ver 1: 0x3d1efaeeb44f011c628967e50e798d408c3fdcda74e53cc0d73b2098467b1dc0
12/27/2023 20:22:49 [ERROR]: Error getting transaction action: ReferenceError: contractName is not defined
12/27/2023 20:22:49 [ERROR]: This action requires a webhook token, but none is available.
12/27/2023 20:23:03 [INFO]: getting latest block number
12/27/2023 20:23:03 [INFO]: [ETHERSCAN] Mike Fetching transaction Data
12/27/2023 20:23:03 [INFO]: [ETHERSCAN] Fetching txn data --ver 1: 0x3d1efaeeb44f011c628967e50e798d408c3fdcda74e53cc0d73b2098467b1dc0
12/27/2023 20:23:03 [ERROR]: Error getting transaction action: ReferenceError: contractName is not defined
12/27/2023 20:23:04 [INFO]: Updating monitor target data
12/27/2023 20:24:51 [INFO]: getting latest block number
12/27/2023 20:24:51 [INFO]: [ETHERSCAN] Mike Fetching transaction Data
12/27/2023 20:24:52 [INFO]: [ETHERSCAN] Fetching txn data --ver 1: 0x3d1efaeeb44f011c628967e50e798d408c3fdcda74e53cc0d73b2098467b1dc0
12/27/2023 20:24:52 [ERROR]: Error getting transaction action: ReferenceError: contractName is not defined
12/27/2023 20:24:52 [INFO]: Updating monitor target data
12/27/2023 20:36:48 [INFO]: getting latest block number
12/27/2023 20:36:48 [INFO]: [ETHERSCAN] Mike Fetching transaction Data
12/27/2023 20:36:48 [INFO]: [ETHERSCAN] Fetching txn data --ver 1: 0x3d1efaeeb44f011c628967e50e798d408c3fdcda74e53cc0d73b2098467b1dc0
12/27/2023 20:36:48 [ERROR]: Error getting transaction action: ReferenceError: contractName is not defined
12/27/2023 20:36:48 [INFO]: Updating monitor target data
12/27/2023 20:45:41 [INFO]: getting latest block number
12/27/2023 20:45:42 [INFO]: [ETHERSCAN] Mike Fetching transaction Data
12/27/2023 20:45:42 [INFO]: [ETHERSCAN] Fetching txn data --ver 1: 0x3d1efaeeb44f011c628967e50e798d408c3fdcda74e53cc0d73b2098467b1dc0
12/27/2023 20:45:42 [INFO]: [ETHERSCAN] getting contract name: 0xb2ecfe4e4d61f8790bbb9de2d1259b9e2410cea5
12/27/2023 20:45:42 [INFO]: fetching txn action --ver 2 - 0x3d1efaeeb44f011c628967e50e798d408c3fdcda74e53cc0d73b2098467b1dc0
12/27/2023 20:45:43 [INFO]: Updating monitor target data
12/27/2023 20:45:47 [INFO]: getting latest block number
12/27/2023 20:45:47 [INFO]: [ETHERSCAN] Mike Fetching transaction Data
12/27/2023 20:45:47 [ERROR]: Mike Error fetching txn data: ReferenceError: txlst is not defined
12/27/2023 20:46:52 [INFO]: getting latest block number
12/27/2023 20:46:52 [INFO]: [ETHERSCAN] Mike Fetching transaction Data
12/27/2023 20:46:53 [INFO]: [ETHERSCAN] Fetching txn data --ver 1: 0x3d1efaeeb44f011c628967e50e798d408c3fdcda74e53cc0d73b2098467b1dc0
12/27/2023 20:46:53 [INFO]: [ETHERSCAN] getting contract name: 0xb2ecfe4e4d61f8790bbb9de2d1259b9e2410cea5
12/27/2023 20:46:53 [INFO]: fetching txn action --ver 2 - 0x3d1efaeeb44f011c628967e50e798d408c3fdcda74e53cc0d73b2098467b1dc0
12/27/2023 20:46:53 [INFO]: Updating monitor target data
12/27/2023 20:48:29 [INFO]: getting latest block number
12/27/2023 20:48:29 [INFO]: [ETHERSCAN] Mike Fetching transaction Data
12/27/2023 20:48:32 [INFO]: getting latest block number
12/27/2023 20:48:32 [INFO]: [ETHERSCAN] Mike Fetching transaction Data
12/27/2023 20:48:36 [INFO]: getting latest block number
12/27/2023 20:48:36 [INFO]: [ETHERSCAN] Mike Fetching transaction Data
12/27/2023 20:48:39 [INFO]: getting latest block number
12/27/2023 20:48:39 [INFO]: [ETHERSCAN] Mike Fetching transaction Data
12/27/2023 20:48:39 [INFO]: [ETHERSCAN] Fetching txn data --ver 1: 0x3d1efaeeb44f011c628967e50e798d408c3fdcda74e53cc0d73b2098467b1dc0
12/27/2023 20:48:39 [INFO]: [ETHERSCAN] getting contract name: 0xb2ecfe4e4d61f8790bbb9de2d1259b9e2410cea5
12/27/2023 20:48:39 [INFO]: fetching txn action --ver 2 - 0x3d1efaeeb44f011c628967e50e798d408c3fdcda74e53cc0d73b2098467b1dc0
12/27/2023 20:48:39 [INFO]: Updating monitor target data
12/27/2023 20:48:43 [INFO]: getting latest block number
12/27/2023 20:48:43 [INFO]: [ETHERSCAN] Mike Fetching transaction Data
12/27/2023 20:48:46 [INFO]: getting latest block number
12/27/2023 20:48:47 [INFO]: [ETHERSCAN] Mike Fetching transaction Data
12/27/2023 20:50:45 [INFO]: getting latest block number
12/27/2023 20:50:46 [INFO]: [ETHERSCAN] Mike Fetching transaction Data
12/27/2023 20:50:46 [INFO]: [ETHERSCAN] Fetching txn data --ver 1: 0x3d1efaeeb44f011c628967e50e798d408c3fdcda74e53cc0d73b2098467b1dc0
12/27/2023 20:50:46 [INFO]: [ETHERSCAN] getting contract name: 0xb2ecfe4e4d61f8790bbb9de2d1259b9e2410cea5
12/27/2023 20:50:46 [INFO]: fetching txn action --ver 2 - 0x3d1efaeeb44f011c628967e50e798d408c3fdcda74e53cc0d73b2098467b1dc0
12/27/2023 20:50:46 [INFO]: Updating monitor target data
12/27/2023 20:52:34 [INFO]: getting latest block number
12/27/2023 20:52:34 [INFO]: [ETHERSCAN] Mike Fetching transaction Data
12/27/2023 20:56:25 [INFO]: getting latest block number
12/27/2023 20:56:25 [INFO]: [ETHERSCAN] Mike Fetching transaction Data
12/27/2023 20:56:25 [INFO]: [ETHERSCAN] Fetching txn data --ver 1: 0x3d1efaeeb44f011c628967e50e798d408c3fdcda74e53cc0d73b2098467b1dc0
12/27/2023 20:56:25 [INFO]: [ETHERSCAN] getting contract name: 0xb2ecfe4e4d61f8790bbb9de2d1259b9e2410cea5
12/27/2023 20:56:25 [INFO]: fetching txn action --ver 2 - 0x3d1efaeeb44f011c628967e50e798d408c3fdcda74e53cc0d73b2098467b1dc0
12/27/2023 20:56:26 [INFO]: Updating monitor target data
12/27/2023 20:59:21 [INFO]: getting latest block number
12/27/2023 20:59:21 [INFO]: [ETHERSCAN] Mike Fetching transaction Data
12/27/2023 20:59:22 [INFO]: [ETHERSCAN] Fetching txn data --ver 1: 0x3d1efaeeb44f011c628967e50e798d408c3fdcda74e53cc0d73b2098467b1dc0
12/27/2023 20:59:22 [INFO]: [ETHERSCAN] getting contract name: 0xb2ecfe4e4d61f8790bbb9de2d1259b9e2410cea5
12/27/2023 20:59:22 [INFO]: fetching txn action --ver 2 - 0x3d1efaeeb44f011c628967e50e798d408c3fdcda74e53cc0d73b2098467b1dc0
12/27/2023 20:59:22 [INFO]: Updating monitor target data
12/27/2023 20:59:26 [INFO]: getting latest block number
12/27/2023 20:59:26 [INFO]: [ETHERSCAN] Mike Fetching transaction Data
12/27/2023 21:00:41 [INFO]: getting latest block number
12/27/2023 21:00:41 [INFO]: [ETHERSCAN] Mike Fetching transaction Data
12/27/2023 21:00:52 [INFO]: [ETHERSCAN] Fetching txn data --ver 1: 0x3d1efaeeb44f011c628967e50e798d408c3fdcda74e53cc0d73b2098467b1dc0
12/27/2023 21:00:52 [INFO]: [ETHERSCAN] getting contract name: 0xb2ecfe4e4d61f8790bbb9de2d1259b9e2410cea5
12/27/2023 21:00:56 [INFO]: fetching txn action --ver 2 - 0x3d1efaeeb44f011c628967e50e798d408c3fdcda74e53cc0d73b2098467b1dc0
12/27/2023 21:00:56 [INFO]: Updating monitor target data
12/27/2023 21:01:00 [INFO]: getting latest block number
12/27/2023 21:01:00 [INFO]: [ETHERSCAN] Mike Fetching transaction Data
12/27/2023 21:03:32 [INFO]: getting latest block number
12/27/2023 21:03:32 [INFO]: [ETHERSCAN] Mike Fetching transaction Data
12/27/2023 21:03:33 [INFO]: [ETHERSCAN] Fetching txn data --ver 1: 0x3d1efaeeb44f011c628967e50e798d408c3fdcda74e53cc0d73b2098467b1dc0
12/27/2023 21:03:33 [INFO]: [ETHERSCAN] getting contract name: 0xb2ecfe4e4d61f8790bbb9de2d1259b9e2410cea5
12/27/2023 21:03:33 [INFO]: fetching txn action --ver 2 - 0x3d1efaeeb44f011c628967e50e798d408c3fdcda74e53cc0d73b2098467b1dc0
12/27/2023 21:03:33 [INFO]: Updating monitor target data
12/27/2023 21:04:10 [INFO]: getting latest block number
12/27/2023 21:04:10 [INFO]: [ETHERSCAN] Mike Fetching transaction Data
12/27/2023 21:04:10 [INFO]: [ETHERSCAN] Fetching txn data --ver 1: 0x3d1efaeeb44f011c628967e50e798d408c3fdcda74e53cc0d73b2098467b1dc0
12/27/2023 21:04:10 [INFO]: [ETHERSCAN] getting contract name: 0xb2ecfe4e4d61f8790bbb9de2d1259b9e2410cea5
12/27/2023 21:04:10 [INFO]: fetching txn action --ver 2 - 0x3d1efaeeb44f011c628967e50e798d408c3fdcda74e53cc0d73b2098467b1dc0
12/27/2023 21:04:11 [INFO]: Updating monitor target data
12/27/2023 21:04:15 [INFO]: getting latest block number
12/27/2023 21:04:15 [INFO]: [ETHERSCAN] Mike Fetching transaction Data
12/27/2023 21:04:18 [INFO]: getting latest block number
12/27/2023 21:04:18 [INFO]: [ETHERSCAN] Mike Fetching transaction Data
12/27/2023 21:07:42 [INFO]: getting latest block number
12/27/2023 21:07:42 [INFO]: [ETHERSCAN] Mike Fetching transaction Data
12/27/2023 21:07:42 [INFO]: [ETHERSCAN] Fetching txn data --ver 1: 0x3d1efaeeb44f011c628967e50e798d408c3fdcda74e53cc0d73b2098467b1dc0
12/27/2023 21:07:42 [INFO]: [ETHERSCAN] getting contract name: 0xb2ecfe4e4d61f8790bbb9de2d1259b9e2410cea5
12/27/2023 21:07:42 [INFO]: fetching txn action --ver 2 - 0x3d1efaeeb44f011c628967e50e798d408c3fdcda74e53cc0d73b2098467b1dc0
12/27/2023 21:07:43 [INFO]: Updating monitor target data
12/27/2023 21:08:50 [INFO]: getting latest block number
12/27/2023 21:08:51 [INFO]: [ETHERSCAN] Mike Fetching transaction Data
12/27/2023 21:08:57 [INFO]: [ETHERSCAN] Fetching txn data --ver 1: 0x3d1efaeeb44f011c628967e50e798d408c3fdcda74e53cc0d73b2098467b1dc0
12/27/2023 21:08:57 [INFO]: [ETHERSCAN] getting contract name: 0xb2ecfe4e4d61f8790bbb9de2d1259b9e2410cea5
12/27/2023 21:08:57 [INFO]: fetching txn action --ver 2 - 0x3d1efaeeb44f011c628967e50e798d408c3fdcda74e53cc0d73b2098467b1dc0
12/27/2023 21:08:57 [INFO]: Updating monitor target data
12/27/2023 21:10:01 [INFO]: getting latest block number
12/27/2023 21:10:01 [INFO]: [ETHERSCAN] Mike Fetching transaction Data
12/27/2023 21:10:01 [INFO]: [ETHERSCAN] Fetching txn data --ver 1: 0x3d1efaeeb44f011c628967e50e798d408c3fdcda74e53cc0d73b2098467b1dc0
12/27/2023 21:10:01 [INFO]: [ETHERSCAN] getting contract name: 0xb2ecfe4e4d61f8790bbb9de2d1259b9e2410cea5
12/27/2023 21:10:01 [INFO]: fetching txn action --ver 2 - 0x3d1efaeeb44f011c628967e50e798d408c3fdcda74e53cc0d73b2098467b1dc0
12/27/2023 21:10:02 [INFO]: Updating monitor target data
12/27/2023 21:10:06 [INFO]: getting latest block number
12/27/2023 21:10:06 [INFO]: [ETHERSCAN] Mike Fetching transaction Data
12/27/2023 21:10:35 [INFO]: getting latest block number
12/27/2023 21:10:36 [INFO]: [ETHERSCAN] Mike Fetching transaction Data
12/27/2023 21:10:36 [INFO]: [ETHERSCAN] Fetching txn data --ver 1: 0x3d1efaeeb44f011c628967e50e798d408c3fdcda74e53cc0d73b2098467b1dc0
12/27/2023 21:10:36 [INFO]: [ETHERSCAN] getting contract name: 0xb2ecfe4e4d61f8790bbb9de2d1259b9e2410cea5
12/27/2023 21:10:36 [INFO]: fetching txn action --ver 2 - 0x3d1efaeeb44f011c628967e50e798d408c3fdcda74e53cc0d73b2098467b1dc0
12/27/2023 21:10:36 [INFO]: Updating monitor target data
12/27/2023 21:12:26 [INFO]: getting latest block number
12/27/2023 21:12:26 [INFO]: [ETHERSCAN] Mike Fetching transaction Data
12/27/2023 21:12:27 [INFO]: [ETHERSCAN] Fetching txn data --ver 1: 0x3d1efaeeb44f011c628967e50e798d408c3fdcda74e53cc0d73b2098467b1dc0
12/27/2023 21:12:27 [INFO]: [ETHERSCAN] getting contract name: 0xb2ecfe4e4d61f8790bbb9de2d1259b9e2410cea5
12/27/2023 21:12:27 [INFO]: fetching txn action --ver 2 - 0x3d1efaeeb44f011c628967e50e798d408c3fdcda74e53cc0d73b2098467b1dc0
12/27/2023 21:12:27 [INFO]: Updating monitor target data
12/27/2023 21:28:01 [INFO]: getting latest block number
12/27/2023 21:28:01 [INFO]: [ETHERSCAN] Mike Fetching transaction Data
12/27/2023 21:28:06 [INFO]: [ETHERSCAN] Fetching txn data --ver 1: 0x3d1efaeeb44f011c628967e50e798d408c3fdcda74e53cc0d73b2098467b1dc0
12/27/2023 21:28:06 [INFO]: [ETHERSCAN] getting contract name: 0xb2ecfe4e4d61f8790bbb9de2d1259b9e2410cea5
12/27/2023 21:28:06 [INFO]: fetching txn action --ver 2 - 0x3d1efaeeb44f011c628967e50e798d408c3fdcda74e53cc0d73b2098467b1dc0
12/27/2023 21:28:06 [INFO]: Updating monitor target data
12/27/2023 21:28:08 [INFO]: getting latest block number
12/27/2023 21:28:09 [INFO]: [ETHERSCAN] Shyree-main Fetching transaction Data
12/27/2023 21:28:11 [INFO]: [ETHERSCAN] Fetching txn data --ver 1: 0x61f0d533b16e007cdfa229e1f961390459ec21061dd8b1c81b122842f5abbd69
12/27/2023 21:28:11 [INFO]: [ETHERSCAN] getting contract name: 0x3fc91a3afd70395cd496c647d5a6cc9d4b2b7fad
12/27/2023 21:28:11 [INFO]: fetching txn action --ver 2 - 0x61f0d533b16e007cdfa229e1f961390459ec21061dd8b1c81b122842f5abbd69
12/27/2023 21:28:11 [INFO]: Updating monitor target data
12/27/2023 21:28:13 [INFO]: getting latest block number
12/27/2023 21:28:13 [INFO]: [ETHERSCAN] Shyree-Vault Fetching transaction Data
12/27/2023 21:28:14 [INFO]: [ETHERSCAN] Fetching txn data --ver 1: 0x419338d7f5174a7cbebccbe4a31ab6597b908079427753246f50fb581a510472
12/27/2023 21:28:14 [INFO]: [ETHERSCAN] getting contract name: 0xfc29813beeb3c7395c7a5f8dfc3352491d5ea0e2
12/27/2023 21:28:14 [INFO]: fetching txn action --ver 2 - 0x419338d7f5174a7cbebccbe4a31ab6597b908079427753246f50fb581a510472
12/27/2023 21:28:14 [INFO]: Updating monitor target data
12/27/2023 21:28:16 [INFO]: getting latest block number
12/27/2023 21:28:16 [INFO]: [ETHERSCAN] Wiz Fetching transaction Data
12/27/2023 21:28:18 [INFO]: [ETHERSCAN] Fetching txn data --ver 1: 0xc396434552b513120827840b177d03ec0fa4bc7b392a2fc062c39e3efac14963
12/27/2023 21:28:18 [INFO]: [ETHERSCAN] getting contract name: 0x80f53dcf568be566f99ab9f37eaa2b3aa10b3c95
12/27/2023 21:28:18 [INFO]: fetching txn action --ver 2 - 0xc396434552b513120827840b177d03ec0fa4bc7b392a2fc062c39e3efac14963
12/27/2023 21:28:19 [INFO]: Updating monitor target data
12/27/2023 21:28:21 [INFO]: getting latest block number
12/27/2023 21:28:21 [INFO]: [ETHERSCAN] Vombatus_eth Fetching transaction Data
12/27/2023 21:28:21 [INFO]: [ETHERSCAN] Fetching txn data --ver 1: 0x2c49ad5de5a746a2ffb7d981feb2be52fea139b3dac8855a80939014626d9fc1
12/27/2023 21:28:21 [INFO]: [ETHERSCAN] getting contract name: 0x3ee18b2214aff97000d974cf647e7c347e8fa585
12/27/2023 21:28:21 [INFO]: fetching txn action --ver 2 - 0x2c49ad5de5a746a2ffb7d981feb2be52fea139b3dac8855a80939014626d9fc1
12/27/2023 21:28:21 [INFO]: Updating monitor target data
12/27/2023 21:28:23 [INFO]: getting latest block number
12/27/2023 21:28:24 [INFO]: [ETHERSCAN] Vombatuseth(vault)? Fetching transaction Data
12/27/2023 21:28:24 [INFO]: [ETHERSCAN] Fetching txn data --ver 1: 0xc2ed1eeae4ec8964bc45c833d161006f38289c5cadf60fb08c19e9cfca4a3ff9
12/27/2023 21:28:24 [INFO]: [ETHERSCAN] getting contract name: 0x49cf6f5d44e70224e2e23fdcdd2c053f30ada28b
12/27/2023 21:28:24 [INFO]: fetching txn action --ver 2 - 0xc2ed1eeae4ec8964bc45c833d161006f38289c5cadf60fb08c19e9cfca4a3ff9
12/27/2023 21:28:24 [INFO]: Updating monitor target data
12/27/2023 21:28:26 [INFO]: getting latest block number
12/27/2023 21:28:26 [INFO]: [ETHERSCAN] Lutherin Fetching transaction Data
12/27/2023 21:28:26 [INFO]: [ETHERSCAN] Fetching txn data --ver 1: 0xbfe047a197390385df48d554cac7659e8652286954f42edd4e0b554b4c98c73a
12/27/2023 21:28:26 [INFO]: [ETHERSCAN] getting contract name: 0x27ded67d88c0da8c6b0fb0f7c78d87926d71119a
12/27/2023 21:28:26 [INFO]: fetching txn action --ver 2 - 0xbfe047a197390385df48d554cac7659e8652286954f42edd4e0b554b4c98c73a
12/27/2023 21:28:27 [INFO]: Updating monitor target data
12/27/2023 21:28:29 [INFO]: getting latest block number
12/27/2023 21:28:29 [INFO]: [ETHERSCAN] 0x5f-Capital Fetching transaction Data
12/27/2023 21:28:29 [INFO]: [ETHERSCAN] Fetching txn data --ver 1: 0x23318d7a2dad9f9ffd11c4243baa8f554ee295f3bd754d3d37c4d338cd3c25fc
12/27/2023 21:28:29 [INFO]: [ETHERSCAN] getting contract name: 0xef580b387e9dfc50fbb07d30667abe0e7c8cc833
12/27/2023 21:28:29 [INFO]: fetching txn action --ver 2 - 0x23318d7a2dad9f9ffd11c4243baa8f554ee295f3bd754d3d37c4d338cd3c25fc
12/27/2023 21:28:29 [INFO]: Updating monitor target data
12/27/2023 21:28:31 [INFO]: getting latest block number
12/27/2023 21:28:31 [INFO]: [ETHERSCAN] ppt-0x5f-Capital Fetching transaction Data
12/27/2023 21:28:33 [INFO]: [ETHERSCAN] Fetching txn data --ver 1: 0x418411c5d59b6f454caa1a61dbeb353e7d108c20d264fced30fdbc49bfedbd4e
12/27/2023 21:28:33 [INFO]: [ETHERSCAN] getting contract name: 0x0000000000c2d145a2526bd8c716263bfebe1a72
12/27/2023 21:28:34 [INFO]: fetching txn action --ver 2 - 0x418411c5d59b6f454caa1a61dbeb353e7d108c20d264fced30fdbc49bfedbd4e
12/27/2023 21:28:34 [INFO]: Updating monitor target data
12/27/2023 21:28:36 [INFO]: getting latest block number
12/27/2023 21:28:36 [INFO]: [ETHERSCAN] pdf-0x5f-Capital Fetching transaction Data
12/27/2023 21:28:37 [INFO]: [ETHERSCAN] Fetching txn data --ver 1: 0x2de84d79af367a5a4a2d8bf0f1557dc014a378f059aea2f0e748b96b344267cc
12/27/2023 21:28:37 [INFO]: [ETHERSCAN] getting contract name: 0xb2ecfe4e4d61f8790bbb9de2d1259b9e2410cea5
12/27/2023 21:28:37 [INFO]: fetching txn action --ver 2 - 0x2de84d79af367a5a4a2d8bf0f1557dc014a378f059aea2f0e748b96b344267cc
12/27/2023 21:28:37 [INFO]: Updating monitor target data
12/27/2023 21:28:41 [INFO]: getting latest block number
12/27/2023 21:28:42 [INFO]: [ETHERSCAN] Mike Fetching transaction Data
12/27/2023 21:28:43 [INFO]: getting latest block number
12/27/2023 21:28:43 [INFO]: [ETHERSCAN] Shyree-main Fetching transaction Data
12/27/2023 21:28:44 [INFO]: getting latest block number
12/27/2023 21:28:44 [INFO]: [ETHERSCAN] Shyree-Vault Fetching transaction Data
12/27/2023 21:28:45 [INFO]: getting latest block number
12/27/2023 21:28:45 [INFO]: [ETHERSCAN] Wiz Fetching transaction Data
12/27/2023 21:28:46 [INFO]: getting latest block number
12/27/2023 21:28:46 [INFO]: [ETHERSCAN] Vombatus_eth Fetching transaction Data
12/27/2023 21:28:47 [INFO]: getting latest block number
12/27/2023 21:28:48 [INFO]: [ETHERSCAN] Vombatuseth(vault)? Fetching transaction Data
12/27/2023 21:28:49 [INFO]: getting latest block number
12/27/2023 21:28:49 [INFO]: [ETHERSCAN] Lutherin Fetching transaction Data
12/27/2023 21:28:50 [INFO]: getting latest block number
12/27/2023 21:28:50 [INFO]: [ETHERSCAN] 0x5f-Capital Fetching transaction Data
12/27/2023 21:28:51 [INFO]: getting latest block number
12/27/2023 21:28:51 [INFO]: [ETHERSCAN] ppt-0x5f-Capital Fetching transaction Data
12/27/2023 21:28:52 [INFO]: getting latest block number
12/27/2023 21:28:52 [INFO]: [ETHERSCAN] pdf-0x5f-Capital Fetching transaction Data
12/27/2023 21:28:55 [INFO]: getting latest block number
12/27/2023 21:28:55 [INFO]: [ETHERSCAN] Mike Fetching transaction Data
12/27/2023 21:28:56 [INFO]: getting latest block number
12/27/2023 21:28:56 [INFO]: [ETHERSCAN] Shyree-main Fetching transaction Data
12/27/2023 21:29:10 [INFO]: getting latest block number
12/27/2023 21:29:10 [INFO]: [ETHERSCAN] Shyree-Vault Fetching transaction Data
12/27/2023 21:29:31 [INFO]: getting latest block number
12/27/2023 21:29:31 [INFO]: [ETHERSCAN] Wiz Fetching transaction Data
12/27/2023 21:29:39 [INFO]: getting latest block number
12/27/2023 21:29:39 [INFO]: [ETHERSCAN] Vombatus_eth Fetching transaction Data
12/27/2023 21:29:43 [INFO]: getting latest block number
12/27/2023 21:29:43 [INFO]: [ETHERSCAN] Vombatuseth(vault)? Fetching transaction Data
12/27/2023 21:29:53 [INFO]: getting latest block number
12/27/2023 21:29:53 [INFO]: [ETHERSCAN] Lutherin Fetching transaction Data
12/27/2023 21:29:57 [INFO]: getting latest block number
12/27/2023 21:29:57 [INFO]: [ETHERSCAN] 0x5f-Capital Fetching transaction Data
12/27/2023 21:30:02 [INFO]: getting latest block number
12/27/2023 21:30:02 [INFO]: [ETHERSCAN] ppt-0x5f-Capital Fetching transaction Data
12/27/2023 21:30:05 [INFO]: getting latest block number
12/27/2023 21:30:05 [INFO]: [ETHERSCAN] pdf-0x5f-Capital Fetching transaction Data
12/27/2023 21:30:12 [INFO]: getting latest block number
12/27/2023 21:30:13 [INFO]: [ETHERSCAN] Mike Fetching transaction Data
12/27/2023 21:30:15 [INFO]: getting latest block number
12/27/2023 21:30:15 [INFO]: [ETHERSCAN] Shyree-main Fetching transaction Data
12/27/2023 21:30:16 [INFO]: getting latest block number
12/27/2023 21:30:16 [INFO]: [ETHERSCAN] Shyree-Vault Fetching transaction Data
12/27/2023 21:30:17 [INFO]: getting latest block number
12/27/2023 21:30:17 [INFO]: [ETHERSCAN] Wiz Fetching transaction Data
12/27/2023 21:30:26 [INFO]: getting latest block number
12/27/2023 21:30:26 [INFO]: [ETHERSCAN] Vombatus_eth Fetching transaction Data
12/27/2023 21:30:37 [INFO]: getting latest block number
12/27/2023 21:30:37 [INFO]: [ETHERSCAN] Vombatuseth(vault)? Fetching transaction Data
12/27/2023 21:31:10 [INFO]: getting latest block number
12/27/2023 21:31:11 [INFO]: [ETHERSCAN] Lutherin Fetching transaction Data
